// Jest Snapshot v1, https://goo.gl/fbAQLP

exports[`Form matches snapshot 1`] = `
<form
  onSubmit={[Function]}
>
  Form goes here
</form>
`;
